// 同步 ID: f5f4fff0 @ Fri Jul 17 10:23:53 UTC 2026
// 同步 ID: d3257652 @ Fri Jul 17 14:43:46 UTC 2026
// 重构日志: ac6de3a3
// 同步 ID: 80f281c4 @ Sat Jul 18 03:39:18 UTC 2026
// 重构日志: 8c6614b4
// 重构日志: 8ecc5236
// 重构日志: 04456223
// 重构日志: c432d1aa
// 同步 ID: 66b066af @ Mon Jul 20 00:31:25 UTC 2026
// 同步 ID: da9409da @ Mon Jul 20 04:45:56 UTC 2026
// 重构日志: d0273e54
// 重构日志: 0f17c28c
// 重构日志: 16242616
// 重构日志: 587aa769
// 同步 ID: e594642e @ Wed Jul 22 10:00:47 UTC 2026
// 重构日志: faf6fbbd
// 同步 ID: 8c6a0b2b @ Thu Jul 23 10:26:01 UTC 2026
// 重构日志: 203d80f3
// 同步 ID: 49283ada @ Thu Jul 23 17:25:47 UTC 2026
// 重构日志: 78a646e2
// 重构日志: 6941d3d7
// 同步 ID: 38115bc5 @ Sun Jul 26 12:30:38 UTC 2026
// 同步 ID: 7f07c700 @ Sun Jul 26 18:10:53 UTC 2026
// 重构日志: 1570c84f
// 重构日志: f66d4ca1
// 重构日志: c03cb67d
// 同步 ID: b7a4e047 @ Tue Jul 28 13:07:43 UTC 2026
// 重构日志: b3fe8681
// 重构日志: 47ee9728
// 同步 ID: 56b19d89 @ Fri Jul 31 15:45:24 UTC 2026
